

StatusCode : 201
Body       : {"success":true,"message":"Contact submitted successfully. We'll 
             get back to you 
             soon.","id":"aacdf7d1-d8b0-41fd-8650-0228405178bd"}



